// Jest Snapshot v1, https://goo.gl/fbAQLP

exports[`nError create NError create an Error with extended fields correctly 1`] = `
Object {
  "extend": [Function],
  "foo": "bar",
  "message": "some message",
  "setHandler": [Function],
  "toUser": [Function],
}
`;

exports[`nError has methods to create error with status named after error type in camelCase 1`] = `[Error: some error message]`;
