// Jest Snapshot v1, https://goo.gl/fbAQLP

exports[`removeObjectKeys mutates the original input object non-empty string input 1`] = `
Test {
  "type": "SOME_TYPE",
}
`;

exports[`removeObjectKeys mutates the original input object with [string] input 1`] = `
Test {
  "type": "SOME_TYPE",
}
`;

exports[`removeObjectKeys throw error if keys input is not an array or string 1`] = `"keys need to be formatted in [string] or non-empty string"`;
